2026-10-03 21:19:33 [INFO]: Running downstream on cuda
2026-10-03 21:21:18 [INFO]: Epoch:   0  |  epoch: 0, phase: frozen, train_loss: 0.5106465012608069, eval_loss: 0.4804263644748264, auroc: 0.848678469657898, average_precision: 0.844112753868103, recall: 0.7495719194412231
2026-10-03 21:23:01 [INFO]: Epoch:   1  |  epoch: 1, phase: frozen, train_loss: 0.46795416840215237, eval_loss: 0.4706202612982856, auroc: 0.856214165687561, average_precision: 0.8530172109603882, recall: 0.7539215087890625
2026-10-03 21:24:45 [INFO]: Epoch:   2  |  epoch: 2, phase: frozen, train_loss: 0.46209001495332014, eval_loss: 0.4752196735805935, auroc: 0.8529495596885681, average_precision: 0.8489192128181458, recall: 0.7667045593261719
2026-10-03 21:26:28 [INFO]: Epoch:   3  |  epoch: 3, phase: frozen, train_loss: 0.45766045151709595, eval_loss: 0.4865722126430935, auroc: 0.8518632650375366, average_precision: 0.8484414219856262, recall: 0.7467714548110962
2026-10-03 21:28:11 [INFO]: Epoch:   4  |  epoch: 4, phase: frozen, train_loss: 0.4571108419544759, eval_loss: 0.471513483259413, auroc: 0.8596503734588623, average_precision: 0.8562130928039551, recall: 0.7747803926467896
2026-10-03 21:29:53 [INFO]: Epoch:   5  |  epoch: 5, phase: frozen, train_loss: 0.4520397058023385, eval_loss: 0.4715449545118544, auroc: 0.8578994274139404, average_precision: 0.8521294593811035, recall: 0.7747859358787537
2026-10-03 21:31:35 [INFO]: Epoch:   6  |  epoch: 6, phase: frozen, train_loss: 0.45138107138568684, eval_loss: 0.4682292938232422, auroc: 0.858792781829834, average_precision: 0.853866696357727, recall: 0.7690826058387756
2026-10-03 21:33:19 [INFO]: Epoch:   7  |  epoch: 7, phase: frozen, train_loss: 0.45015605886204674, eval_loss: 0.47060924106174046, auroc: 0.8603699207305908, average_precision: 0.8571251034736633, recall: 0.7744231224060059
2026-10-03 21:35:01 [INFO]: Epoch:   8  |  epoch: 8, phase: frozen, train_loss: 0.44943899838083873, eval_loss: 0.4676770634121365, auroc: 0.8596208095550537, average_precision: 0.8550041913986206, recall: 0.7687574625015259
2026-10-03 21:36:44 [INFO]: Epoch:   9  |  epoch: 9, phase: frozen, train_loss: 0.4494457996086245, eval_loss: 0.47106573316786027, auroc: 0.8585284948348999, average_precision: 0.853795051574707, recall: 0.7724902033805847
2026-10-03 21:39:12 [INFO]: Epoch:   0  |  epoch: 0, phase: unfrozen, train_loss: 0.3924012051306586, eval_loss: 0.3663559489780002, auroc: 0.9175969362258911, average_precision: 0.9158557057380676, recall: 0.834164023399353
2026-10-03 21:41:42 [INFO]: Epoch:   1  |  epoch: 1, phase: unfrozen, train_loss: 0.2906485345933898, eval_loss: 0.3243839475843642, auroc: 0.9370114207267761, average_precision: 0.935804009437561, recall: 0.8523776531219482
2026-10-03 21:44:11 [INFO]: Epoch:   2  |  epoch: 2, phase: unfrozen, train_loss: 0.2212321989588962, eval_loss: 0.3329019811418321, auroc: 0.9428756833076477, average_precision: 0.9417209625244141, recall: 0.8567458391189575
2026-10-03 21:46:40 [INFO]: Epoch:   3  |  epoch: 3, phase: unfrozen, train_loss: 0.16708025167357107, eval_loss: 0.31173186832004124, auroc: 0.9495944976806641, average_precision: 0.948805570602417, recall: 0.8753130435943604
2026-10-03 21:49:10 [INFO]: Epoch:   4  |  epoch: 4, phase: unfrozen, train_loss: 0.11976131765345446, eval_loss: 0.3498424159155952, auroc: 0.9499701261520386, average_precision: 0.9496057033538818, recall: 0.876301109790802
2026-10-03 21:51:39 [INFO]: Epoch:   5  |  epoch: 5, phase: unfrozen, train_loss: 0.07738579888394197, eval_loss: 0.4308355649312337, auroc: 0.9483879804611206, average_precision: 0.9480979442596436, recall: 0.8727242946624756
2026-10-03 21:54:08 [INFO]: Epoch:   6  |  epoch: 6, phase: unfrozen, train_loss: 0.04608900379836846, eval_loss: 0.581324577331543, auroc: 0.9452041387557983, average_precision: 0.9446660280227661, recall: 0.8657845258712769
2026-10-03 21:56:39 [INFO]: Epoch:   7  |  epoch: 7, phase: unfrozen, train_loss: 0.028477191466992, eval_loss: 0.7000647121005588, auroc: 0.947766900062561, average_precision: 0.9461585283279419, recall: 0.8675629496574402
2026-10-03 21:59:08 [INFO]: Epoch:   8  |  epoch: 8, phase: unfrozen, train_loss: 0.01837037642567806, eval_loss: 0.8713460498385959, auroc: 0.9422088861465454, average_precision: 0.9371819496154785, recall: 0.8674801588058472
2026-10-03 21:59:08 [WARNING]: EarlyStopping stopped execution at epoch 8 in unfrozen phase
2026-10-03 21:59:08 [INFO]: Loaded checkpoint from /workspace/tcc/finetuned/morphological/base/vit_classifier_frozen.pt (epoch 8, metrics {'epoch': 8.0, 'train_loss': 0.44943899838083873, 'eval_loss': 0.4676770634121365, 'auroc': 0.8596208095550537, 'average_precision': 0.8550041913986206, 'recall': 0.7687574625015259})
2026-10-03 21:59:38 [INFO]: [test] {'phase': 'frozen', 'best_epoch': 8, 'test_loss': 0.4669109598795573, 'auroc': 0.8603537082672119, 'average_precision': 0.8552197217941284, 'recall': 0.775017499923706}
2026-10-03 21:59:38 [INFO]: Loaded checkpoint from /workspace/tcc/finetuned/morphological/base/vit_classifier_unfrozen.pt (epoch 3, metrics {'epoch': 3.0, 'train_loss': 0.16708025167357107, 'eval_loss': 0.31173186832004124, 'auroc': 0.9495944976806641, 'average_precision': 0.948805570602417, 'recall': 0.8753130435943604})
2026-10-03 22:00:05 [INFO]: [test] {'phase': 'unfrozen', 'best_epoch': 3, 'test_loss': 0.3206671142578125, 'auroc': 0.9466553926467896, 'average_precision': 0.9464665055274963, 'recall': 0.869703471660614}
