2026-10-03 20:44:10 [INFO]: Running downstream on cuda
2026-10-03 20:46:02 [INFO]: Epoch:   0  |  epoch: 0, phase: frozen, train_loss: 0.8890809977712807, eval_loss: 0.8167055518226286, auroc: 0.905318558216095, average_precision: 0.5498541593551636, recall: 0.43771395087242126
2026-10-03 20:47:50 [INFO]: Epoch:   1  |  epoch: 1, phase: frozen, train_loss: 0.7579505967216258, eval_loss: 0.7646019859651548, auroc: 0.9158002734184265, average_precision: 0.5782357454299927, recall: 0.4831768274307251
2026-10-03 20:49:38 [INFO]: Epoch:   2  |  epoch: 2, phase: frozen, train_loss: 0.7187001983080905, eval_loss: 0.7561363962899267, auroc: 0.9176476001739502, average_precision: 0.5960438251495361, recall: 0.5241965651512146
2026-10-03 20:51:25 [INFO]: Epoch:   3  |  epoch: 3, phase: frozen, train_loss: 0.6992088645513803, eval_loss: 0.7502857309527102, auroc: 0.919757068157196, average_precision: 0.6023117303848267, recall: 0.5256986618041992
2026-10-03 20:53:13 [INFO]: Epoch:   4  |  epoch: 4, phase: frozen, train_loss: 0.6843215287097393, eval_loss: 0.7360359124377766, auroc: 0.9214373230934143, average_precision: 0.6029576063156128, recall: 0.5179406404495239
2026-10-03 20:55:01 [INFO]: Epoch:   5  |  epoch: 5, phase: frozen, train_loss: 0.6724178758866948, eval_loss: 0.7527193727746474, auroc: 0.921140193939209, average_precision: 0.6077987551689148, recall: 0.569974422454834
2026-10-03 20:56:49 [INFO]: Epoch:   6  |  epoch: 6, phase: frozen, train_loss: 0.6666655183569785, eval_loss: 0.7619701824357025, auroc: 0.9239084124565125, average_precision: 0.6090854406356812, recall: 0.4805067777633667
2026-10-03 20:58:36 [INFO]: Epoch:   7  |  epoch: 7, phase: frozen, train_loss: 0.6559974717216258, eval_loss: 0.7771146656137652, auroc: 0.9190938472747803, average_precision: 0.6077439785003662, recall: 0.5576578974723816
2026-10-03 21:00:23 [INFO]: Epoch:   8  |  epoch: 8, phase: frozen, train_loss: 0.6498862424511119, eval_loss: 0.7460681611457757, auroc: 0.9229266047477722, average_precision: 0.6113302707672119, recall: 0.5184541344642639
2026-10-03 21:02:10 [INFO]: Epoch:   9  |  epoch: 9, phase: frozen, train_loss: 0.6458985123897623, eval_loss: 0.7322163539650166, auroc: 0.9234198331832886, average_precision: 0.6116864681243896, recall: 0.5380000472068787
2026-10-03 21:04:11 [INFO]: Epoch:   0  |  epoch: 0, phase: unfrozen, train_loss: 0.5846003058497891, eval_loss: 0.6551864083889312, auroc: 0.9397114515304565, average_precision: 0.6633235216140747, recall: 0.5881921052932739
2026-10-03 21:06:13 [INFO]: Epoch:   1  |  epoch: 1, phase: unfrozen, train_loss: 0.4796052710410276, eval_loss: 0.6055998000423465, auroc: 0.9513843059539795, average_precision: 0.7020637392997742, recall: 0.6132352352142334
2026-10-03 21:08:14 [INFO]: Epoch:   2  |  epoch: 2, phase: unfrozen, train_loss: 0.37370590490797545, eval_loss: 0.587024452412023, auroc: 0.9558340311050415, average_precision: 0.7221439480781555, recall: 0.6520709991455078
2026-10-03 21:10:15 [INFO]: Epoch:   3  |  epoch: 3, phase: unfrozen, train_loss: 0.27943940894004027, eval_loss: 0.5928965205639865, auroc: 0.9576996564865112, average_precision: 0.7284659743309021, recall: 0.6600091457366943
2026-10-03 21:12:18 [INFO]: Epoch:   4  |  epoch: 4, phase: unfrozen, train_loss: 0.19983720837926572, eval_loss: 0.6169530142725042, auroc: 0.9588043093681335, average_precision: 0.7327377796173096, recall: 0.6506210565567017
2026-10-03 21:14:19 [INFO]: Epoch:   5  |  epoch: 5, phase: unfrozen, train_loss: 0.1321780713789302, eval_loss: 0.6922250258184113, auroc: 0.9584012627601624, average_precision: 0.7344907522201538, recall: 0.6414615511894226
2026-10-03 21:16:20 [INFO]: Epoch:   6  |  epoch: 6, phase: unfrozen, train_loss: 0.07996182119919479, eval_loss: 0.7535965505954438, auroc: 0.9565194249153137, average_precision: 0.7248818874359131, recall: 0.6621453166007996
2026-10-03 21:18:21 [INFO]: Epoch:   7  |  epoch: 7, phase: unfrozen, train_loss: 0.04396077723590874, eval_loss: 0.8857949856108269, auroc: 0.9542685151100159, average_precision: 0.7248336672782898, recall: 0.6431242227554321
2026-10-03 21:18:21 [WARNING]: EarlyStopping stopped execution at epoch 7 in unfrozen phase
2026-10-03 21:18:21 [INFO]: Loaded checkpoint from /workspace/tcc/finetuned/bethesda/base/vit_classifier_frozen.pt (epoch 9, metrics {'epoch': 9.0, 'train_loss': 0.6458985123897623, 'eval_loss': 0.7322163539650166, 'auroc': 0.9234198331832886, 'average_precision': 0.6116864681243896, 'recall': 0.5380000472068787})
2026-10-03 21:18:49 [INFO]: [test] {'phase': 'frozen', 'best_epoch': 9, 'test_loss': 0.7324144093263815, 'auroc': 0.9216753244400024, 'average_precision': 0.6302268505096436, 'recall': 0.5506035089492798}
2026-10-03 21:18:50 [INFO]: Loaded checkpoint from /workspace/tcc/finetuned/bethesda/base/vit_classifier_unfrozen.pt (epoch 2, metrics {'epoch': 2.0, 'train_loss': 0.37370590490797545, 'eval_loss': 0.587024452412023, 'auroc': 0.9558340311050415, 'average_precision': 0.7221439480781555, 'recall': 0.6520709991455078})
2026-10-03 21:19:16 [INFO]: [test] {'phase': 'unfrozen', 'best_epoch': 2, 'test_loss': 0.5838255002263278, 'auroc': 0.9535244703292847, 'average_precision': 0.7292487621307373, 'recall': 0.6590799689292908}
