2026-09-03 20:10:48 [INFO]: NumExpr defaulting to 8 threads.
2026-09-03 20:11:51 [INFO]: NumExpr defaulting to 8 threads.
2026-09-03 23:37:15 [INFO]: NumExpr defaulting to 8 threads.
2026-09-03 23:39:09 [INFO]: NumExpr defaulting to 8 threads.
2026-09-03 23:39:10 [INFO]: HTTP Request: HEAD https://huggingface.co/google/vit-base-patch16-224/resolve/main/config.json "HTTP/1.1 307 Temporary Redirect"
2026-09-03 23:39:10 [INFO]: HTTP Request: HEAD https://huggingface.co/api/resolve-cache/models/google/vit-base-patch16-224/3f49326eb077187dfe1c2a2bb15fbd74e6ab91e3/config.json "HTTP/1.1 200 OK"
2026-09-03 23:39:10 [INFO]: HTTP Request: GET https://huggingface.co/api/resolve-cache/models/google/vit-base-patch16-224/3f49326eb077187dfe1c2a2bb15fbd74e6ab91e3/config.json "HTTP/1.1 200 OK"
2026-09-03 23:39:10 [INFO]: HTTP Request: HEAD https://huggingface.co/google/vit-base-patch16-224/resolve/main/adapter_config.json "HTTP/1.1 404 Not Found"
2026-09-03 23:39:10 [WARNING]: Warning: You are sending unauthenticated requests to the HF Hub. Please set a HF_TOKEN to enable higher rate limits and faster downloads.
2026-09-03 23:39:11 [INFO]: HTTP Request: HEAD https://huggingface.co/google/vit-base-patch16-224/resolve/main/config.json "HTTP/1.1 307 Temporary Redirect"
2026-09-03 23:39:11 [INFO]: HTTP Request: HEAD https://huggingface.co/api/resolve-cache/models/google/vit-base-patch16-224/3f49326eb077187dfe1c2a2bb15fbd74e6ab91e3/config.json "HTTP/1.1 200 OK"
2026-09-03 23:39:11 [INFO]: HTTP Request: HEAD https://huggingface.co/google/vit-base-patch16-224/resolve/main/model.safetensors "HTTP/1.1 302 Found"
2026-09-03 23:39:11 [INFO]: HTTP Request: GET https://huggingface.co/api/models/google/vit-base-patch16-224/xet-read-token/3f49326eb077187dfe1c2a2bb15fbd74e6ab91e3 "HTTP/1.1 200 OK"
2026-09-03 23:41:09 [INFO]: NumExpr defaulting to 8 threads.
2026-09-03 23:41:10 [INFO]: HTTP Request: HEAD https://huggingface.co/google/vit-base-patch16-224/resolve/main/config.json "HTTP/1.1 307 Temporary Redirect"
2026-09-03 23:41:10 [WARNING]: Warning: You are sending unauthenticated requests to the HF Hub. Please set a HF_TOKEN to enable higher rate limits and faster downloads.
2026-09-03 23:41:10 [INFO]: HTTP Request: HEAD https://huggingface.co/api/resolve-cache/models/google/vit-base-patch16-224/3f49326eb077187dfe1c2a2bb15fbd74e6ab91e3/config.json "HTTP/1.1 200 OK"
2026-09-03 23:41:10 [INFO]: HTTP Request: HEAD https://huggingface.co/google/vit-base-patch16-224/resolve/main/config.json "HTTP/1.1 307 Temporary Redirect"
2026-09-03 23:41:10 [INFO]: HTTP Request: HEAD https://huggingface.co/api/resolve-cache/models/google/vit-base-patch16-224/3f49326eb077187dfe1c2a2bb15fbd74e6ab91e3/config.json "HTTP/1.1 200 OK"
2026-09-03 23:41:10 [INFO]: HTTP Request: HEAD https://huggingface.co/google/vit-base-patch16-224/resolve/main/model.safetensors "HTTP/1.1 302 Found"
2026-09-03 23:42:02 [INFO]: NumExpr defaulting to 8 threads.
2026-09-03 23:42:02 [INFO]: HTTP Request: HEAD https://huggingface.co/google/vit-base-patch16-224/resolve/main/config.json "HTTP/1.1 307 Temporary Redirect"
2026-09-03 23:42:02 [WARNING]: Warning: You are sending unauthenticated requests to the HF Hub. Please set a HF_TOKEN to enable higher rate limits and faster downloads.
2026-09-03 23:42:02 [INFO]: HTTP Request: HEAD https://huggingface.co/api/resolve-cache/models/google/vit-base-patch16-224/3f49326eb077187dfe1c2a2bb15fbd74e6ab91e3/config.json "HTTP/1.1 200 OK"
2026-09-03 23:42:03 [INFO]: HTTP Request: HEAD https://huggingface.co/google/vit-base-patch16-224/resolve/main/config.json "HTTP/1.1 307 Temporary Redirect"
2026-09-03 23:42:03 [INFO]: HTTP Request: HEAD https://huggingface.co/api/resolve-cache/models/google/vit-base-patch16-224/3f49326eb077187dfe1c2a2bb15fbd74e6ab91e3/config.json "HTTP/1.1 200 OK"
2026-09-03 23:42:03 [INFO]: HTTP Request: HEAD https://huggingface.co/google/vit-base-patch16-224/resolve/main/model.safetensors "HTTP/1.1 302 Found"
2026-09-03 23:45:38 [INFO]: NumExpr defaulting to 8 threads.
2026-09-03 23:45:39 [INFO]: HTTP Request: HEAD https://huggingface.co/google/vit-base-patch16-224/resolve/main/config.json "HTTP/1.1 307 Temporary Redirect"
2026-09-03 23:45:39 [WARNING]: Warning: You are sending unauthenticated requests to the HF Hub. Please set a HF_TOKEN to enable higher rate limits and faster downloads.
2026-09-03 23:45:39 [INFO]: HTTP Request: HEAD https://huggingface.co/api/resolve-cache/models/google/vit-base-patch16-224/3f49326eb077187dfe1c2a2bb15fbd74e6ab91e3/config.json "HTTP/1.1 200 OK"
2026-09-03 23:45:39 [INFO]: HTTP Request: HEAD https://huggingface.co/google/vit-base-patch16-224/resolve/main/config.json "HTTP/1.1 307 Temporary Redirect"
2026-09-03 23:45:39 [INFO]: HTTP Request: HEAD https://huggingface.co/api/resolve-cache/models/google/vit-base-patch16-224/3f49326eb077187dfe1c2a2bb15fbd74e6ab91e3/config.json "HTTP/1.1 200 OK"
2026-09-03 23:45:39 [INFO]: HTTP Request: HEAD https://huggingface.co/google/vit-base-patch16-224/resolve/main/model.safetensors "HTTP/1.1 302 Found"
2026-09-03 23:46:35 [INFO]: NumExpr defaulting to 8 threads.
2026-09-03 23:46:36 [INFO]: HTTP Request: HEAD https://huggingface.co/google/vit-base-patch16-224/resolve/main/config.json "HTTP/1.1 307 Temporary Redirect"
2026-09-03 23:46:36 [INFO]: HTTP Request: HEAD https://huggingface.co/api/resolve-cache/models/google/vit-base-patch16-224/3f49326eb077187dfe1c2a2bb15fbd74e6ab91e3/config.json "HTTP/1.1 200 OK"
2026-09-03 23:46:36 [INFO]: HTTP Request: HEAD https://huggingface.co/google/vit-base-patch16-224/resolve/main/config.json "HTTP/1.1 307 Temporary Redirect"
2026-09-03 23:46:36 [WARNING]: Warning: You are sending unauthenticated requests to the HF Hub. Please set a HF_TOKEN to enable higher rate limits and faster downloads.
2026-09-03 23:46:36 [INFO]: HTTP Request: HEAD https://huggingface.co/api/resolve-cache/models/google/vit-base-patch16-224/3f49326eb077187dfe1c2a2bb15fbd74e6ab91e3/config.json "HTTP/1.1 200 OK"
2026-09-03 23:46:36 [INFO]: HTTP Request: HEAD https://huggingface.co/google/vit-base-patch16-224/resolve/main/model.safetensors "HTTP/1.1 302 Found"
